<?xml version="1.0" encoding="utf-8"?><testsuites><testsuite name="pytest" errors="0" failures="0" skipped="1" tests="2" time="0.024" timestamp="2022-02-10T16:19:05.756678" hostname="ARCHLEMUR"><testcase classname="tests.__init__" name="PYCODESTYLE" time="0.000"><skipped type="pytest.skip" message="previously passed pycodestyle checks">/home/vanandrew/.local/lib/python3.10/site-packages/pytest_pycodestyle.py:62: previously passed pycodestyle checks</skipped></testcase><testcase classname="tests.test" name="PYCODESTYLE" time="0.009" /></testsuite></testsuites>